EXIT:0

 Usage: python -m docket config [OPTIONS] SUB

 Read-only inspection of an agent's effective configuration.

 Subcommands:
 explain <agent-id> [--json]  The configuration a real dispatch turn would
                   actually use for this agent, with the source that set
                   each value: resolved model + endpoint (policy/pinned);
                   the composed system prompt's sections with their bytes
                   and fit status (full/truncated/omitted); tools after
                   role denial, plus configured MCP servers; the
                   guardrail policies that apply to this role; the
                   effective pipeline and its source (bound
                   pipeline/blueprint/built-in default); and, for a pod
                   member, the pod's dispatch settings (budgetUsd,
                   maxReworkCycles, turnTimeoutS, verifyTimeoutS,
                   approvalMode, allowCommands) with each key's
                   set/default source. Composes existing resolvers only
                   -- writes nothing, adds no new configuration surface.
                   See specs/data/cli-json-shapes.spec.md.

╭─ Arguments ──────────────────────────────────────────────────────────────────╮
│ *    sub      TEXT  explain <agent-id> [--json] [required]                   │
╰──────────────────────────────────────────────────────────────────────────────╯
╭─ Options ────────────────────────────────────────────────────────────────────╮
│ --help          Show this message and exit.                                  │
╰──────────────────────────────────────────────────────────────────────────────╯

