EXIT:0

Token Usage — All Project Agents

AGENT            MODEL           INPUT     OUTPUT   COST (USD)  SOURCE    BUDGET
──────────────────────────────────────────────────────────────────────────────────────────
content          claude-haiku-4-5          0          0      $0.0000  pinned    $10 (0%)
myshop           claude-sonnet-4-6          0          0      $0.0000  policy    —

                                                               Total:      $0.0000

  Recorded spend from session data in ~/.openclaw/agents/*/sessions/*.jsonl
  Comparative estimates use a price snapshot (as of <DATE>) — see: docket models

