EXIT:0
# docket(1) bash completion — eval "$(docket completions bash)"
_docket_complete() {
  local cur prev cword
  cur="${COMP_WORDS[COMP_CWORD]}"
  cword=$COMP_CWORD

  local commands="install list add info delete maintain context wire unwire scope profile persona keys auth models pod workflow logs edit cost doctor gates conversations audit eval snapshot serve completions trace metrics policies approve deny help"

  # Live agent ids (project + specialist) from the workspace tree, basenames only.
  local _oc="${OPENCLAW_DIR:-$HOME/.openclaw}"
  local _ids="" _d _b
  if [[ -d "$_oc/workspaces/projects" ]]; then
    for _d in "$_oc/workspaces/projects"/*/; do
      [[ -d "$_d" ]] || continue; _b="${_d%/}"; _ids+=" ${_b##*/}"
    done
  fi
  if [[ -d "$_oc/workspaces" ]]; then
    for _d in "$_oc/workspaces"/*/; do
      [[ -d "$_d" ]] || continue; _b="${_d%/}"; _b="${_b##*/}"
      [[ "$_b" == "projects" ]] && continue; _ids+=" $_b"
    done
  fi

  if [[ $cword -eq 1 ]]; then
    mapfile -t COMPREPLY < <(compgen -W "$commands" -- "$cur")
    return
  fi

  local cmd="${COMP_WORDS[1]}"
  local words=""
  case "$cmd" in
    maintain)        [[ $cword -eq 2 ]] && words="$_ids" || words="check clean reset rebuild sessions" ;;
    scope)           [[ $cword -eq 2 ]] && words="$_ids" || words="show set reset" ;;
    context)         [[ $cword -eq 2 ]] && words="$_ids" || words="show project" ;;
    workflow|wf)     [[ $cword -eq 2 ]] && words="$_ids" || words="list create show validate plan delete" ;;
    pod)             [[ $cword -eq 2 ]] && words="$_ids" || words="list add remove delegate queue dispatch" ;;
    gates|security)  words="status enable disable isolate classes" ;;
    keys|key|secret) words="add list remove rotate setup validate export" ;;
    models)          words="list set preset reset provider" ;;
    auth)            words="status login key setup" ;;
    trace)           words="tail export ingest" ;;
    policies|policy) words="list show init test" ;;
    completions|completion) words="bash zsh" ;;
    cost|usage)      [[ $cword -eq 2 ]] && words="$_ids --history --json" || words="--history --json --days" ;;
    info|show|delete|remove|rm|profile|wire|unwire|telegram|logs|log|edit)
                     [[ $cword -eq 2 ]] && words="$_ids" ;;
    *)               words="" ;;
  esac
  mapfile -t COMPREPLY < <(compgen -W "$words" -- "$cur")
}
complete -F _docket_complete docket
