EXIT:0
# docket(1) bash completion — eval "$(docket completions bash)"
_docket_complete() {
  local cur prev cword
  cur="${COMP_WORDS[COMP_CWORD]}"
  cword=$COMP_CWORD

  local commands="install list add info delete maintain context wire unwire telegram scope profile keys pod workflow logs edit cost doctor gates audit eval snapshot serve models trace metrics policies approve deny completions help version"

  # Live agent ids (project + specialist) from the workspace tree, basenames only.
  local _oc="${OPENCLAW_DIR:-$HOME/.openclaw}"
  local _ids="" _d _b
  if [[ -d "$_oc/workspaces/projects" ]]; then
    for _d in "$_oc/workspaces/projects"/*/; do
      [[ -d "$_d" ]] || continue; _b="${_d%/}"; _ids+=" ${_b##*/}"
    done
  fi
  if [[ -d "$_oc/workspaces" ]]; then
    for _d in "$_oc/workspaces"/*/; do
      [[ -d "$_d" ]] || continue; _b="${_d%/}"; _b="${_b##*/}"
      [[ "$_b" == "projects" ]] && continue; _ids+=" $_b"
    done
  fi

  if [[ $cword -eq 1 ]]; then
    mapfile -t COMPREPLY < <(compgen -W "$commands" -- "$cur")
    return
  fi

  local cmd="${COMP_WORDS[1]}"
  local words=""
  case "$cmd" in
    maintain)        [[ $cword -eq 2 ]] && words="$_ids" || words="check clean reset rebuild sessions" ;;
    scope)           [[ $cword -eq 2 ]] && words="$_ids" || words="show set reset" ;;
    context)         [[ $cword -eq 2 ]] && words="$_ids" || words="show search snapshot index compress" ;;
    workflow|wf)     [[ $cword -eq 2 ]] && words="$_ids" || words="list create show delete" ;;
    pod)             [[ $cword -eq 2 ]] && words="$_ids" || words="add remove delegate queue dispatch" ;;
    gates|security)  words="status enable disable isolate" ;;
    keys|key|secret) words="add list remove rotate setup validate export" ;;
    models)          words="set preset reset" ;;
    trace)           words="tail export ingest" ;;
    policies|policy) words="list show init test" ;;
    completions)     words="bash zsh" ;;
    cost|usage)      [[ $cword -eq 2 ]] && words="$_ids --history --json" || words="--history --json --days" ;;
    info|show|delete|remove|rm|profile|tier|wire|unwire|telegram|logs|log|edit|snapshot|export|audit)
                     [[ $cword -eq 2 ]] && words="$_ids" ;;
    *)               words="" ;;
  esac
  mapfile -t COMPREPLY < <(compgen -W "$words" -- "$cur")
}
complete -F _docket_complete docket
